// Jest Snapshot v1, https://goo.gl/fbAQLP

exports[`App renders correctly 1`] = `
<div>
  <h1 />
  <p>
    Awesome App Here...
  </p>
  <a
    href="#"
    onClick={undefined}
  >
    Sync Test
  </a>
   
  | 
   
  <a
    href="#"
    onClick={undefined}
  >
    ASync Test
  </a>
  <div
    style={
      Object {
        "color": "red",
      }
    }
  />
  <div
    style={
      Object {
        "color": "green",
      }
    }
  />
</div>
`;
